2025-06-04 21:08:19,073 - WARNING - Не удалось распарсить строку: 25.05.2025 Результаты
2025-06-04 21:08:19,074 - WARNING - Не удалось распарсить строку: Очки: FINA 2023
2025-06-04 21:08:19,075 - WARNING - Не удалось распарсить строку: 2017 и моложе
2025-06-04 21:08:19,078 - WARNING - Не удалось распарсить строку: Splash Meet Manager, 11.78560 Registered to RSF/Moscow City/Sports School No 64 30.05.2025 12:29 - Страница 15
2025-06-04 21:08:19,078 - WARNING - Не удалось распарсить строку: Дистанция 17, Мужчины, 50m Bifins
2025-06-04 21:08:19,084 - WARNING - Не удалось распарсить строку: Splash Meet Manager, 11.78560 Registered to RSF/Moscow City/Sports School No 64 30.05.2025 12:29 - Страница 16
2025-06-04 21:08:19,085 - WARNING - Не удалось распарсить строку: Дистанция 17, Мужчины, 50m Bifins
2025-06-04 21:08:19,091 - WARNING - Не удалось распарсить строку: Splash Meet Manager, 11.78560 Registered to RSF/Moscow City/Sports School No 64 30.05.2025 12:29 - Страница 17
2025-06-04 21:08:19,092 - WARNING - Не удалось распарсить строку: 2008 и старше
2025-06-04 21:08:19,094 - WARNING - Не удалось распарсить строку: 25.05.2025 Результаты
2025-06-04 21:08:19,095 - WARNING - Не удалось распарсить строку: Очки: FINA 2023
2025-06-04 21:08:19,096 - WARNING - Не удалось распарсить строку: 2017 и моложе
2025-06-04 21:08:19,098 - WARNING - Не удалось распарсить строку: Splash Meet Manager, 11.78560 Registered to RSF/Moscow City/Sports School No 64 30.05.2025 12:29 - Страница 18
2025-06-04 21:08:19,099 - WARNING - Не удалось распарсить строку: Дистанция 18, Женщины, 50m Bifins
2025-06-04 21:08:19,105 - WARNING - Не удалось распарсить строку: Splash Meet Manager, 11.78560 Registered to RSF/Moscow City/Sports School No 64 30.05.2025 12:29 - Страница 19
2025-06-04 21:08:19,106 - WARNING - Не удалось распарсить строку: Дистанция 18, Женщины, 50m Bifins
2025-06-04 21:08:19,106 - WARNING - Не удалось распарсить строку: 2008 и старше
2025-06-04 21:08:19,108 - WARNING - Не удалось распарсить строку: 25.05.2025 Результаты
2025-06-04 21:08:19,109 - WARNING - Не удалось распарсить строку: Очки: FINA 2023
2025-06-04 21:08:19,110 - WARNING - Не удалось распарсить строку: 2017 и моложе
2025-06-04 21:08:19,115 - WARNING - Не удалось распарсить строку: Splash Meet Manager, 11.78560 Registered to RSF/Moscow City/Sports School No 64 30.05.2025 12:29 - Страница 20
2025-06-04 21:08:19,116 - WARNING - Не удалось распарсить строку: Дистанция 19, Мужчины, 100m Bifins
2025-06-04 21:08:19,121 - WARNING - Не удалось распарсить строку: Splash Meet Manager, 11.78560 Registered to RSF/Moscow City/Sports School No 64 30.05.2025 12:29 - Страница 21
2025-06-04 21:08:19,122 - WARNING - Не удалось распарсить строку: 2008 и старше
2025-06-04 21:08:19,124 - WARNING - Не удалось распарсить строку: 25.05.2025 Результаты
2025-06-04 21:08:19,124 - WARNING - Не удалось распарсить строку: Очки: FINA 2023
2025-06-04 21:08:19,125 - WARNING - Не удалось распарсить строку: 2017 и моложе
2025-06-04 21:08:19,126 - WARNING - Не удалось распарсить строку: Splash Meet Manager, 11.78560 Registered to RSF/Moscow City/Sports School No 64 30.05.2025 12:29 - Страница 22
2025-06-04 21:08:19,128 - WARNING - Не удалось распарсить строку: 2008 и старше
2025-06-04 21:08:19,129 - WARNING - Не удалось распарсить строку: Splash Meet Manager, 11.78560 Registered to RSF/Moscow City/Sports School No 64 30.05.2025 12:29 - Страница 23
2025-06-04 21:08:19,129 - WARNING - Не удалось распарсить строку: 25.05.2025 Результаты
2025-06-04 21:08:19,131 - WARNING - Не удалось распарсить строку: Очки: FINA 2023
2025-06-04 21:08:19,131 - WARNING - Не удалось распарсить строку: 2017 и моложе
2025-06-04 21:08:19,132 - WARNING - Не удалось распарсить строку: 2008 и старше
2025-06-04 21:08:19,133 - WARNING - Не удалось распарсить строку: 25.05.2025 Результаты
2025-06-04 21:08:19,133 - WARNING - Не удалось распарсить строку: Очки: FINA 2023
2025-06-04 21:08:19,134 - WARNING - Не удалось распарсить строку: 2017 и моложе
2025-06-04 21:08:19,135 - WARNING - Не удалось распарсить строку: Splash Meet Manager, 11.78560 Registered to RSF/Moscow City/Sports School No 64 30.05.2025 12:29 - Страница 24
2025-06-04 21:08:19,135 - WARNING - Не удалось распарсить строку: Дистанция 22, Женщины, 200m Bifins
2025-06-04 21:08:19,136 - WARNING - Не удалось распарсить строку: Splash Meet Manager, 11.78560 Registered to RSF/Moscow City/Sports School No 64 30.05.2025 12:29 - Страница 25
