2025-10-10 19:51:33,884 - WARNING - Error city athlete Шарпилов Артём 2011: send Таганрог, received Ростовская область
2025-10-10 19:51:34,014 - WARNING - Error city athlete Жидиков Владислав 2012: send Таганрог, received None
2025-10-10 19:51:34,015 - WARNING - Error city athlete Шорохов Андрей 2011: send Таганрог, received None
2025-10-10 19:51:34,016 - WARNING - Error city athlete Леус Никита 2013: send Таганрог, received None
2025-10-10 19:51:34,016 - WARNING - Error city athlete Стрикица Вероника 2013: send Таганрог, received None
2025-10-10 19:51:34,697 - WARNING - Error city athlete Гурьев Роман 2013: send Таганрог, received None
2025-10-10 19:51:34,698 - WARNING - Error city athlete Гринченко Мария 2011: send Таганрог, received Ростовская область
2025-10-10 19:51:34,699 - WARNING - Error city athlete Илиади Ульяна 2013: send Таганрог, received None
2025-10-10 19:51:34,875 - WARNING - Error city athlete Гордеева Софья 2012: send Таганрог, received Ростовская область
2025-10-10 19:51:34,877 - WARNING - Error city athlete Бухов Александр 2014: send Таганрог, received None
2025-10-10 19:51:34,877 - WARNING - Error city athlete Выхрист Артём 2010: send Таганрог, received None
2025-10-10 19:51:34,878 - WARNING - Error city athlete Аникеенко Анна 2010: send Таганрог, received None
2025-10-10 19:51:34,878 - WARNING - Error city athlete Старшинин Максим 2014: send Таганрог, received None
2025-10-10 19:51:34,918 - WARNING - Error city athlete Морозов Егор 2010: send Таганрог, received Ростовская область
2025-10-10 19:51:35,078 - WARNING - Error city athlete Зиненко Мирон 2014: send Таганрог, received None
2025-10-10 19:51:35,253 - WARNING - Error city athlete Куренной Иван 2012: send Таганрог, received None
2025-10-10 19:51:35,254 - WARNING - Error city athlete Тамо Матвей 2014: send Таганрог, received None
2025-10-10 19:51:35,254 - WARNING - Error city athlete Овчаров Станислав 2007: send Таганрог, received Ростовская область
2025-10-10 19:51:35,255 - WARNING - Error city athlete Гадилов Максим 2009: send Таганрог, received None
2025-10-10 19:51:35,255 - WARNING - Error city athlete Живтило Мария 2011: send Таганрог, received Ростовская область
2025-10-10 19:51:35,361 - WARNING - Error city athlete Коваль-Волков Ярослав 2012: send Таганрог, received None
2025-10-10 19:51:35,361 - WARNING - Error city athlete Порохня Всеволод 2011: send Таганрог, received None
2025-10-10 19:51:35,362 - WARNING - Error city athlete Ахмадеев Радмир 2011: send Таганрог, received None
2025-10-10 19:51:35,367 - WARNING - Error city athlete Ковтун Дарья 2011: send Таганрог, received None
2025-10-10 19:51:35,371 - WARNING - Error city athlete Каламбет Пелагея 2013: send Таганрог, received Ростовская область
2025-10-10 19:51:35,554 - WARNING - Error city athlete Потькало Софья 2011: send Таганрог, received None
2025-10-10 19:51:35,576 - WARNING - Error city athlete Роман Виктория 2009: send Таганрог, received Ростовская область
2025-10-10 19:51:35,586 - WARNING - Error city athlete Миленина Дарья 2011: send Таганрог, received None
2025-10-10 19:51:35,660 - WARNING - Error city athlete Шаповалова Юлия 2011: send Таганрог, received Ростовская область
2025-10-10 19:51:35,769 - WARNING - Error city athlete Мухин Андрей 2011: send Таганрог, received None
2025-10-10 19:51:35,791 - WARNING - Error city athlete Лоскутова Дарья 2014: send Таганрог, received None
2025-10-10 19:51:35,791 - WARNING - Error city athlete Кудрявцев Максим 2011: send Таганрог, received None
2025-10-10 19:51:35,791 - WARNING - Error city athlete Сапрыкина Мария 2014: send Таганрог, received Ростовская область
2025-10-10 19:51:35,792 - WARNING - Error city athlete Тюшнякова Олеся 2013: send Таганрог, received Ростовская область
2025-10-10 19:51:35,792 - WARNING - Error city athlete Назарова Дарья 2012: send Таганрог, received None
2025-10-10 19:51:35,793 - WARNING - Error city athlete Григорьев Макар 2012: send Таганрог, received Ростовская область
